
> vite_react_shadcn_ts@0.0.0 build
> vite build

[36mvite v5.4.19 [32mbuilding for production...[36m[39m
transforming...
node.exe : Browserslist: browsers data (caniuse-lite) is 11 months old. Please run:
No linha:1 caractere:1
+ & "C:\Program Files\nodejs/node.exe" "C:\Program Files\nodejs/node_mo ...
+ ~~~~~~~~~~~~~~~~~~~~~~~~~~~~~~~~~~~~~~~~~~~~~~~~~~~~~~~~~~~~~~~~~~~~~
    + CategoryInfo          : NotSpecified: (Browserslist:     b...ld. Please run::String) [], RemoteException
    + FullyQualifiedErrorId : NativeCommandError
 
  npx update-browserslist-db@latest
  Why you should do it regularly: https://github.com/browserslist/update-db#readme
[1m[33m[plugin:vite:esbuild][39m[22m [33m[plugin vite:esbuild] src/contexts/LanguageContext.tsx: [33mDuplicate key "iaUnexpectedResponse" in 
object literal[33m
552|    testingConnection: { pt: 'testando conex├úo...', en: 'testing connection...', es: 'probando conexi├│n...' },
553|    connectionSuccess: { pt: 'Conex├úo OK: ', en: 'Connection OK: ', es: 'Conexi├│n OK: ' },
554|    iaUnexpectedResponse: { pt: 'Resposta inesperada: ', en: 'Unexpected response: ', es: 'Respuesta inesperada: ' },
   |    ^
555|    connectionError: { pt: 'Erro de conex├úo: ', en: 'Connection error: ', es: 'Error de conexi├│n: ' },
556|    unknownError: { pt: 'Erro desconhecido', en: 'Unknown error', es: 'Error desconocido' },
[39m
[1m[33m[plugin:vite:esbuild][39m[22m [33m[plugin vite:esbuild] src/contexts/LanguageContext.tsx: [33mDuplicate key "connectionError" in object 
literal[33m
553|    connectionSuccess: { pt: 'Conex├úo OK: ', en: 'Connection OK: ', es: 'Conexi├│n OK: ' },
554|    iaUnexpectedResponse: { pt: 'Resposta inesperada: ', en: 'Unexpected response: ', es: 'Respuesta inesperada: ' },
555|    connectionError: { pt: 'Erro de conex├úo: ', en: 'Connection error: ', es: 'Error de conexi├│n: ' },
   |    ^
556|    unknownError: { pt: 'Erro desconhecido', en: 'Unknown error', es: 'Error desconocido' },
557|    profileDataTitle: { pt: 'Dados do perfil:', en: 'Profile data:', es: 'Datos del perfil:' },
[39m
[1m[33m[plugin:vite:esbuild][39m[22m [33m[plugin vite:esbuild] src/contexts/LanguageContext.tsx: [33mDuplicate key "unknownError" in object 
literal[33m
554|    iaUnexpectedResponse: { pt: 'Resposta inesperada: ', en: 'Unexpected response: ', es: 'Respuesta inesperada: ' },
555|    connectionError: { pt: 'Erro de conex├úo: ', en: 'Connection error: ', es: 'Error de conexi├│n: ' },
556|    unknownError: { pt: 'Erro desconhecido', en: 'Unknown error', es: 'Error desconocido' },
   |    ^
557|    profileDataTitle: { pt: 'Dados do perfil:', en: 'Profile data:', es: 'Datos del perfil:' },
558|    profileDataNotLoaded: { pt: 'Dados n├úo carregados.', en: 'Data not loaded.', es: 'Datos no cargados.' },
[39m
[1m[33m[plugin:vite:esbuild][39m[22m [33m[plugin vite:esbuild] src/contexts/LanguageContext.tsx: [33mDuplicate key "profileDataTitle" in 
object literal[33m
555|    connectionError: { pt: 'Erro de conex├úo: ', en: 'Connection error: ', es: 'Error de conexi├│n: ' },
556|    unknownError: { pt: 'Erro desconhecido', en: 'Unknown error', es: 'Error desconocido' },
557|    profileDataTitle: { pt: 'Dados do perfil:', en: 'Profile data:', es: 'Datos del perfil:' },
   |    ^
558|    profileDataNotLoaded: { pt: 'Dados n├úo carregados.', en: 'Data not loaded.', es: 'Datos no cargados.' },
559|    developerMode: { pt: 'Modo Desenvolvedor', en: 'Developer Mode', es: 'Modo Desarrollador' },
[39m
[1m[33m[plugin:vite:esbuild][39m[22m [33m[plugin vite:esbuild] src/contexts/LanguageContext.tsx: [33mDuplicate key "profileDataNotLoaded" in 
object literal[33m
556|    unknownError: { pt: 'Erro desconhecido', en: 'Unknown error', es: 'Error desconocido' },
557|    profileDataTitle: { pt: 'Dados do perfil:', en: 'Profile data:', es: 'Datos del perfil:' },
558|    profileDataNotLoaded: { pt: 'Dados n├úo carregados.', en: 'Data not loaded.', es: 'Datos no cargados.' },
   |    ^
559|    developerMode: { pt: 'Modo Desenvolvedor', en: 'Developer Mode', es: 'Modo Desarrollador' },
560|    diagnosticTools: { pt: 'Ferramentas de Diagn├│stico', en: 'Diagnostic Tools', es: 'Herramientas de Diagn├│stico' },
[39m
[1m[33m[plugin:vite:esbuild][39m[22m [33m[plugin vite:esbuild] src/contexts/LanguageContext.tsx: [33mDuplicate key "viewProfileData" in object 
literal[33m
566|    testActions: { pt: 'A├º├Áes de Teste', en: 'Test Actions', es: 'Acciones de Prueba' },
567|    testIaConnection: { pt: 'Testar IA', en: 'Test AI', es: 'Probar IA' },
568|    viewProfileData: { pt: 'Ver Perfil', en: 'View Profile', es: 'Ver Perfil' },
   |    ^
569|    diagnosticResult: { pt: 'Resultado do Diagn├│stico', en: 'Diagnostic Result', es: 'Resultado del Diagn├│stico' },
570|    devModeWarning: { pt: 'Aten├º├úo: Estas ferramentas s├úo para uso t├®cnico.', en: 'Warning: These tools are for technical use.', es: 
'Atenci├│n: Estas herramientas son para uso t├®cnico.' },
[39m
[32mÔ£ô[39m 3027 modules transformed.
rendering chunks...
[1m[33m[plugin:vite:reporter][39m[22m [33m[plugin vite:reporter] 
(!) C:/Users/hgdes/StudioProjects/magic-mart-ai-MAIN/src/data/mockData.ts is dynamically imported by 
C:/Users/hgdes/StudioProjects/magic-mart-ai-MAIN/src/components/AppMenu.tsx but also statically imported by 
C:/Users/hgdes/StudioProjects/magic-mart-ai-MAIN/src/lib/dataSync.ts, C:/Users/hgdes/StudioProjects/magic-mart-ai-MAIN/src/lib/reminderList.ts, 
C:/Users/hgdes/StudioProjects/magic-mart-ai-MAIN/src/main.tsx, C:/Users/hgdes/StudioProjects/magic-mart-ai-MAIN/src/pages/BackupPage.tsx, 
C:/Users/hgdes/StudioProjects/magic-mart-ai-MAIN/src/pages/HistoryPage.tsx, C:/Users/hgdes/StudioProjects/magic-mart-ai-MAIN/src/pages/HomePage.tsx, 
C:/Users/hgdes/StudioProjects/magic-mart-ai-MAIN/src/pages/ListDetailPage.tsx, 
C:/Users/hgdes/StudioProjects/magic-mart-ai-MAIN/src/pages/ListsPage.tsx, 
C:/Users/hgdes/StudioProjects/magic-mart-ai-MAIN/src/pages/ReportsPage.tsx, 
C:/Users/hgdes/StudioProjects/magic-mart-ai-MAIN/src/pages/SavingsPage.tsx, 
C:/Users/hgdes/StudioProjects/magic-mart-ai-MAIN/src/pages/ScannerPage.tsx, 
C:/Users/hgdes/StudioProjects/magic-mart-ai-MAIN/src/pages/SharePage.tsx, 
C:/Users/hgdes/StudioProjects/magic-mart-ai-MAIN/src/pages/ShoppingPage.tsx, 
C:/Users/hgdes/StudioProjects/magic-mart-ai-MAIN/src/pages/StockPage.tsx, dynamic import will not move module into another chunk.
[39m
[1m[33m[plugin:vite:reporter][39m[22m [33m[plugin vite:reporter] 
(!) C:/Users/hgdes/StudioProjects/magic-mart-ai-MAIN/node_modules/@google/genai/dist/web/index.mjs is dynamically imported by 
C:/Users/hgdes/StudioProjects/magic-mart-ai-MAIN/src/components/AppMenu.tsx but also statically imported by 
C:/Users/hgdes/StudioProjects/magic-mart-ai-MAIN/src/pages/DevToolsPage.tsx, 
C:/Users/hgdes/StudioProjects/magic-mart-ai-MAIN/src/services/geminiService.ts, dynamic import will not move module into another chunk.
[39m
computing gzip size...
[2mdist/[22m[32mindex.html                 [39m[1m[2m    2.02 kB[22m[1m[22m[2m Ôöé gzip:   0.80 kB[22m
[2mdist/[22m[35massets/index-W9dHelqJ.css  [39m[1m[2m   81.69 kB[22m[1m[22m[2m Ôöé gzip:  13.81 kB[22m
[2mdist/[22m[36massets/web-1mn2IERH.js     [39m[1m[2m    1.25 kB[22m[1m[22m[2m Ôöé gzip:   0.59 kB[22m
[2mdist/[22m[36massets/web-C_Cmaj0q.js     [39m[1m[2m    1.62 kB[22m[1m[22m[2m Ôöé gzip:   0.54 kB[22m
[2mdist/[22m[36massets/web-ACNuOY8-.js     [39m[1m[2m    2.35 kB[22m[1m[22m[2m Ôöé gzip:   1.03 kB[22m
[2mdist/[22m[36massets/web-flsIj5VK.js     [39m[1m[2m    9.90 kB[22m[1m[22m[2m Ôöé gzip:   1.99 kB[22m
[2mdist/[22m[36massets/index-DFYFGcTa.js   [39m[1m[33m1,698.77 kB[39m[22m[2m Ôöé gzip: 459.89 kB[22m
[33m
(!) Some chunks are larger than 500 kB after minification. Consider:
- Using dynamic import() to code-split the application
- Use build.rollupOptions.output.manualChunks to improve chunking: https://rollupjs.org/configuration-options/#output-manualchunks
- Adjust chunk size limit for this warning via build.chunkSizeWarningLimit.[39m
[32mÔ£ô built in 8.50s[39m
